1. Saving side status
2. Customers2 page scrolling
3. Saving Search criteria
4. Showing label from database when show rhf error
5. Tab interfaces button